../Core/Src/k_task.c:17:6:NULL_TASK	16	static
../Core/Src/k_task.c:27:6:SVC_printf	24	static,ignoring_inline_asm
../Core/Src/k_task.c:34:6:osKernelInit	56	static
../Core/Src/k_task.c:71:5:osCreateTask	16	static
../Core/Src/k_task.c:73:5:osCreateDeadlineTask	24	static,ignoring_inline_asm
../Core/Src/k_task.c:84:5:osCreateDeadlineTask_SVC	40	static,ignoring_inline_asm
../Core/Src/k_task.c:151:5:osKernelStart	16	static,ignoring_inline_asm
../Core/Src/k_task.c:179:5:osTaskInfo	16	static
../Core/Src/k_task.c:202:8:osGetTID	4	static
../Core/Src/k_task.c:212:6:osYield	4	static,ignoring_inline_asm
../Core/Src/k_task.c:216:6:osYield_SVC	16	static,ignoring_inline_asm
../Core/Src/k_task.c:230:5:osTaskExit	4	static,ignoring_inline_asm
../Core/Src/k_task.c:236:6:osSleep	24	static,ignoring_inline_asm
../Core/Src/k_task.c:243:6:osSleep_SVC	24	static,ignoring_inline_asm
../Core/Src/k_task.c:257:6:osPeriodYield	4	static,ignoring_inline_asm
../Core/Src/k_task.c:261:6:osPeriodYield_SVC	16	static,ignoring_inline_asm
../Core/Src/k_task.c:274:5:osSetDeadline	24	static,ignoring_inline_asm
../Core/Src/k_task.c:284:5:osSetDeadline_SVC	32	static,ignoring_inline_asm
../Core/Src/k_task.c:334:6:osScheduler	32	static,ignoring_inline_asm
