../Core/Src/lab_2_main_jkl_2.c:196:5:main____	144	static
../Core/Src/lab_2_main_jkl_2.c:496:13:print_score_so_far	40	static
../Core/Src/lab_2_main_jkl_2.c:519:13:test_function_manager	88	static
../Core/Src/lab_2_main_jkl_2.c:608:13:spinner	16	static
../Core/Src/lab_2_main_jkl_2.c:619:13:topple_spinners	8	static
../Core/Src/lab_2_main_jkl_2.c:626:15:beyblade_let_it_rip	56	static
../Core/Src/lab_2_main_jkl_2.c:646:17:mandelbrot_iterations	40	static
../Core/Src/lab_2_main_jkl_2.c:663:13:mandelbrot_forever	40	static
../Core/Src/lab_2_main_jkl_2.c:689:13:sanity	16	static
../Core/Src/lab_2_main_jkl_2.c:694:13:eternalprintf	24	static
../Core/Src/lab_2_main_jkl_2.c:707:13:free_me_from_my_pain	56	static
../Core/Src/lab_2_main_jkl_2.c:723:13:lab2allocsanity	24	static
../Core/Src/lab_2_main_jkl_2.c:742:13:lab2deallocsanity	16	static
../Core/Src/lab_2_main_jkl_2.c:758:13:reject_bad_tcbs	56	static
../Core/Src/lab_2_main_jkl_2.c:789:13:stack_reuse	104	static
../Core/Src/lab_2_main_jkl_2.c:810:13:square_batman_helper	32	static
../Core/Src/lab_2_main_jkl_2.c:848:13:square_batman	88	static
../Core/Src/lab_2_main_jkl_2.c:915:13:test4ispain_helper	32	static
../Core/Src/lab_2_main_jkl_2.c:953:13:test4ispain	88	static
../Core/Src/lab_2_main_jkl_2.c:1025:13:odds_are_stacked_against_you	288	static
../Core/Src/lab_2_main_jkl_2.c:1042:13:i_prefer_latches	56	static
../Core/Src/lab_2_main_jkl_2.c:1078:13:tid_limits	24	static
../Core/Src/lab_2_main_jkl_2.c:1095:13:tid_uniqueness	96	static
../Core/Src/lab_2_main_jkl_2.c:1133:13:reincarnation	56	static
../Core/Src/lab_2_main_jkl_2.c:1161:13:insanity_helper	24	static
../Core/Src/lab_2_main_jkl_2.c:1174:13:insanity	64	static
../Core/Src/lab_2_main_jkl_2.c:1204:13:greedy	104	static
